python : D:\song reco
mmendation\song_recom
mendation.py:24: 
FutureWarning: 
At line:1 char:1
+ python -c "from 
song_recommendation 
import 
recommend_songs; 
recommend ...
+ ~~~~~~~~~~~~~~~~~~~
~~~~~~~~~~~~~~~~~~~~~
~~~~~~~~~~~~~~~~~~~~~
~~~~~~~~
    + CategoryInfo   
           : NotSpe  
  cified: (D:\song   
  recomme...Futur    
eWarning: :Strin    
g) [], RemoteExc    
eption
    + FullyQualified 
   ErrorId : Native  
  CommandError
 

All support for the `
google.generativeai` 
package has ended. 
It will no longer be 
receiving 
updates or bug 
fixes. Please switch 
to the 
`google.genai` 
package as soon as 
possible.
See README for more 
details:

https://github.com/go
ogle-gemini/deprecate
d-generative-ai-pytho
n/blob/main/README.md

  import 
google.generativeai 
as genai
Traceback (most 
recent call last):
  File "<string>", 
line 1, in <module>
    from 
song_recommendation 
import 
recommend_songs; 
recommend_songs('Dil 
Hai Ke Manta Nahin')
                     
                     
           ~~~~~~~~~~
~~~~~^^^^^^^^^^^^^^^^
^^^^^^^^^^
  File "D:\song recom
mendation\song_recomm
endation.py", line 
202, in 
recommend_songs
    
print(f"\n\U0001f3b5 
Recommendations for: 
{df.iloc[song_index][
'track_name']} - {df.
iloc[song_index]['tra
ck_artist']}\n")
    ~~~~~^^^^^^^^^^^^
^^^^^^^^^^^^^^^^^^^^^
^^^^^^^^^^^^^^^^^^^^^
^^^^^^^^^^^^^^^^^^^^^
^^^^^^^^^^^^^^^^^^^^^
^^^^^^^^^^^^
  File "C:\Users\Ryu\
AppData\Local\Program
s\Python\Python313\Li
b\encodings\cp1252.py
", line 19, in encode
    return codecs.cha
rmap_encode(input,sel
f.errors,encoding_tab
le)[0]
           ~~~~~~~~~~
~~~~~~~~~~~^^^^^^^^^^
^^^^^^^^^^^^^^^^^^^^^
^^^
UnicodeEncodeError: 
'charmap' codec 
can't encode 
character 
'\U0001f3b5' in 
position 2: 
character maps to 
<undefined>
